Analysis & Synthesis report for lab4_adders
Fri Feb 21 21:30:04 2020
Quartus Prime Version 18.1.0 Build 625 09/12/2018 SJ Lite Edition


---------------------
; Table of Contents ;
---------------------
  1. Legal Notice
  2. Analysis & Synthesis Summary
  3. Analysis & Synthesis Settings
  4. Parallel Compilation
  5. Analysis & Synthesis Source Files Read
  6. Analysis & Synthesis Resource Usage Summary
  7. Analysis & Synthesis Resource Utilization by Entity
  8. General Register Statistics
  9. Multiplexer Restructuring Statistics (Restructuring Performed)
 10. Port Connectivity Checks: "carry_select_adder:carry_select_adder_inst|csa:FA1|full_adder_csa:fa4"
 11. Port Connectivity Checks: "carry_select_adder:carry_select_adder_inst|csa:FA1|full_adder_csa:fa0"
 12. Port Connectivity Checks: "carry_select_adder:carry_select_adder_inst|csa0:FA0"
 13. Post-Synthesis Netlist Statistics for Top Partition
 14. Elapsed Time Per Partition
 15. Analysis & Synthesis Messages



----------------
; Legal Notice ;
----------------
Copyright (C) 2018  Intel Corporation. All rights reserved.
Your use of Intel Corporation's design tools, logic functions 
and other software and tools, and its AMPP partner logic 
functions, and any output files from any of the foregoing 
(including device programming or simulation files), and any 
associated documentation or information are expressly subject 
to the terms and conditions of the Intel Program License 
Subscription Agreement, the Intel Quartus Prime License Agreement,
the Intel FPGA IP License Agreement, or other applicable license
agreement, including, without limitation, that your use is for
the sole purpose of programming logic devices manufactured by
Intel and sold by Intel or its authorized distributors.  Please
refer to the applicable agreement for further details.



+----------------------------------------------------------------------------------+
; Analysis & Synthesis Summary                                                     ;
+------------------------------------+---------------------------------------------+
; Analysis & Synthesis Status        ; Successful - Fri Feb 21 21:30:03 2020       ;
; Quartus Prime Version              ; 18.1.0 Build 625 09/12/2018 SJ Lite Edition ;
; Revision Name                      ; lab4_adders                                 ;
; Top-level Entity Name              ; lab4_adders_toplevel                        ;
; Family                             ; Cyclone IV E                                ;
; Total logic elements               ; 141                                         ;
;     Total combinational functions  ; 125                                         ;
;     Dedicated logic registers      ; 105                                         ;
; Total registers                    ; 105                                         ;
; Total pins                         ; 93                                          ;
; Total virtual pins                 ; 0                                           ;
; Total memory bits                  ; 0                                           ;
; Embedded Multiplier 9-bit elements ; 0                                           ;
; Total PLLs                         ; 0                                           ;
+------------------------------------+---------------------------------------------+


+--------------------------------------------------------------------------------------------------------------+
; Analysis & Synthesis Settings                                                                                ;
+------------------------------------------------------------------+----------------------+--------------------+
; Option                                                           ; Setting              ; Default Value      ;
+------------------------------------------------------------------+----------------------+--------------------+
; Device                                                           ; EP4CE115F29C7        ;                    ;
; Top-level entity name                                            ; lab4_adders_toplevel ; lab4_adders        ;
; Family name                                                      ; Cyclone IV E         ; Cyclone V          ;
; Use smart compilation                                            ; Off                  ; Off                ;
; Enable parallel Assembler and Timing Analyzer during compilation ; On                   ; On                 ;
; Enable compact report table                                      ; Off                  ; Off                ;
; Restructure Multiplexers                                         ; Auto                 ; Auto               ;
; Create Debugging Nodes for IP Cores                              ; Off                  ; Off                ;
; Preserve fewer node names                                        ; On                   ; On                 ;
; Intel FPGA IP Evaluation Mode                                    ; Enable               ; Enable             ;
; Verilog Version                                                  ; Verilog_2001         ; Verilog_2001       ;
; VHDL Version                                                     ; VHDL_1993            ; VHDL_1993          ;
; State Machine Processing                                         ; Auto                 ; Auto               ;
; Safe State Machine                                               ; Off                  ; Off                ;
; Extract Verilog State Machines                                   ; On                   ; On                 ;
; Extract VHDL State Machines                                      ; On                   ; On                 ;
; Ignore Verilog initial constructs                                ; Off                  ; Off                ;
; Iteration limit for constant Verilog loops                       ; 5000                 ; 5000               ;
; Iteration limit for non-constant Verilog loops                   ; 250                  ; 250                ;
; Add Pass-Through Logic to Inferred RAMs                          ; On                   ; On                 ;
; Infer RAMs from Raw Logic                                        ; On                   ; On                 ;
; Parallel Synthesis                                               ; On                   ; On                 ;
; DSP Block Balancing                                              ; Auto                 ; Auto               ;
; NOT Gate Push-Back                                               ; On                   ; On                 ;
; Power-Up Don't Care                                              ; On                   ; On                 ;
; Remove Redundant Logic Cells                                     ; Off                  ; Off                ;
; Remove Duplicate Registers                                       ; On                   ; On                 ;
; Ignore CARRY Buffers                                             ; Off                  ; Off                ;
; Ignore CASCADE Buffers                                           ; Off                  ; Off                ;
; Ignore GLOBAL Buffers                                            ; Off                  ; Off                ;
; Ignore ROW GLOBAL Buffers                                        ; Off                  ; Off                ;
; Ignore LCELL Buffers                                             ; Off                  ; Off                ;
; Ignore SOFT Buffers                                              ; On                   ; On                 ;
; Limit AHDL Integers to 32 Bits                                   ; Off                  ; Off                ;
; Optimization Technique                                           ; Balanced             ; Balanced           ;
; Carry Chain Length                                               ; 70                   ; 70                 ;
; Auto Carry Chains                                                ; On                   ; On                 ;
; Auto Open-Drain Pins                                             ; On                   ; On                 ;
; Perform WYSIWYG Primitive Resynthesis                            ; Off                  ; Off                ;
; Auto ROM Replacement                                             ; On                   ; On                 ;
; Auto RAM Replacement                                             ; On                   ; On                 ;
; Auto DSP Block Replacement                                       ; On                   ; On                 ;
; Auto Shift Register Replacement                                  ; Auto                 ; Auto               ;
; Allow Shift Register Merging across Hierarchies                  ; Auto                 ; Auto               ;
; Auto Clock Enable Replacement                                    ; On                   ; On                 ;
; Strict RAM Replacement                                           ; Off                  ; Off                ;
; Allow Synchronous Control Signals                                ; On                   ; On                 ;
; Force Use of Synchronous Clear Signals                           ; Off                  ; Off                ;
; Auto RAM Block Balancing                                         ; On                   ; On                 ;
; Auto RAM to Logic Cell Conversion                                ; Off                  ; Off                ;
; Auto Resource Sharing                                            ; Off                  ; Off                ;
; Allow Any RAM Size For Recognition                               ; Off                  ; Off                ;
; Allow Any ROM Size For Recognition                               ; Off                  ; Off                ;
; Allow Any Shift Register Size For Recognition                    ; Off                  ; Off                ;
; Use LogicLock Constraints during Resource Balancing              ; On                   ; On                 ;
; Ignore translate_off and synthesis_off directives                ; Off                  ; Off                ;
; Timing-Driven Synthesis                                          ; On                   ; On                 ;
; Report Parameter Settings                                        ; On                   ; On                 ;
; Report Source Assignments                                        ; On                   ; On                 ;
; Report Connectivity Checks                                       ; On                   ; On                 ;
; Ignore Maximum Fan-Out Assignments                               ; Off                  ; Off                ;
; Synchronization Register Chain Length                            ; 2                    ; 2                  ;
; Power Optimization During Synthesis                              ; Normal compilation   ; Normal compilation ;
; HDL message level                                                ; Level2               ; Level2             ;
; Suppress Register Optimization Related Messages                  ; Off                  ; Off                ;
; Number of Removed Registers Reported in Synthesis Report         ; 5000                 ; 5000               ;
; Number of Swept Nodes Reported in Synthesis Report               ; 5000                 ; 5000               ;
; Number of Inverted Registers Reported in Synthesis Report        ; 100                  ; 100                ;
; Clock MUX Protection                                             ; On                   ; On                 ;
; Auto Gated Clock Conversion                                      ; Off                  ; Off                ;
; Block Design Naming                                              ; Auto                 ; Auto               ;
; SDC constraint protection                                        ; Off                  ; Off                ;
; Synthesis Effort                                                 ; Auto                 ; Auto               ;
; Shift Register Replacement - Allow Asynchronous Clear Signal     ; On                   ; On                 ;
; Pre-Mapping Resynthesis Optimization                             ; Off                  ; Off                ;
; Analysis & Synthesis Message Level                               ; Medium               ; Medium             ;
; Disable Register Merging Across Hierarchies                      ; Auto                 ; Auto               ;
; Resource Aware Inference For Block RAM                           ; On                   ; On                 ;
+------------------------------------------------------------------+----------------------+--------------------+


+------------------------------------------+
; Parallel Compilation                     ;
+----------------------------+-------------+
; Processors                 ; Number      ;
+----------------------------+-------------+
; Number detected on machine ; 4           ;
; Maximum allowed            ; 2           ;
;                            ;             ;
; Average used               ; 1.00        ;
; Maximum used               ; 2           ;
;                            ;             ;
; Usage by Processor         ; % Time Used ;
;     Processor 1            ; 100.0%      ;
;     Processor 2            ;   0.0%      ;
+----------------------------+-------------+


+-----------------------------------------------------------------------------------------------------------------------------------------------------------+
; Analysis & Synthesis Source Files Read                                                                                                                    ;
+----------------------------------+-----------------+------------------------------------+-------------------------------------------------------+---------+
; File Name with User-Entered Path ; Used in Netlist ; File Type                          ; File Name with Absolute Path                          ; Library ;
+----------------------------------+-----------------+------------------------------------+-------------------------------------------------------+---------+
; carry_select_adder.sv            ; yes             ; User SystemVerilog HDL File        ; C:/ece385git/lab4/lab4_adders/carry_select_adder.sv   ;         ;
; lab4_adders_toplevel.sv          ; yes             ; Auto-Found SystemVerilog HDL File  ; C:/ece385git/lab4/lab4_adders/lab4_adders_toplevel.sv ;         ;
; hexdriver.sv                     ; yes             ; Auto-Found SystemVerilog HDL File  ; C:/ece385git/lab4/lab4_adders/hexdriver.sv            ;         ;
+----------------------------------+-----------------+------------------------------------+-------------------------------------------------------+---------+


+---------------------------------------------------------+
; Analysis & Synthesis Resource Usage Summary             ;
+---------------------------------------------+-----------+
; Resource                                    ; Usage     ;
+---------------------------------------------+-----------+
; Estimated Total logic elements              ; 141       ;
;                                             ;           ;
; Total combinational functions               ; 125       ;
; Logic element usage by number of LUT inputs ;           ;
;     -- 4 input functions                    ; 78        ;
;     -- 3 input functions                    ; 18        ;
;     -- <=2 input functions                  ; 29        ;
;                                             ;           ;
; Logic elements by mode                      ;           ;
;     -- normal mode                          ; 125       ;
;     -- arithmetic mode                      ; 0         ;
;                                             ;           ;
; Total registers                             ; 105       ;
;     -- Dedicated logic registers            ; 105       ;
;     -- I/O registers                        ; 0         ;
;                                             ;           ;
; I/O pins                                    ; 93        ;
;                                             ;           ;
; Embedded Multiplier 9-bit elements          ; 0         ;
;                                             ;           ;
; Maximum fan-out node                        ; Clk~input ;
; Maximum fan-out                             ; 105       ;
; Total fan-out                               ; 866       ;
; Average fan-out                             ; 2.08      ;
+---------------------------------------------+-----------+


+-----------------------------------------------------------------------------------------------------------------------------------------------------------------------------------------------------------------------------------------------------------------------------------------------------------------+
; Analysis & Synthesis Resource Utilization by Entity                                                                                                                                                                                                                                                             ;
+-------------------------------------------------+---------------------+---------------------------+-------------+--------------+---------+-----------+------+--------------+----------------------------------------------------------------------------------------------+----------------------+--------------+
; Compilation Hierarchy Node                      ; Combinational ALUTs ; Dedicated Logic Registers ; Memory Bits ; DSP Elements ; DSP 9x9 ; DSP 18x18 ; Pins ; Virtual Pins ; Full Hierarchy Name                                                                          ; Entity Name          ; Library Name ;
+-------------------------------------------------+---------------------+---------------------------+-------------+--------------+---------+-----------+------+--------------+----------------------------------------------------------------------------------------------+----------------------+--------------+
; |lab4_adders_toplevel                           ; 125 (33)            ; 105 (105)                 ; 0           ; 0            ; 0       ; 0         ; 93   ; 0            ; |lab4_adders_toplevel                                                                        ; lab4_adders_toplevel ; work         ;
;    |HexDriver:Ahex0_inst|                       ; 7 (7)               ; 0 (0)                     ; 0           ; 0            ; 0       ; 0         ; 0    ; 0            ; |lab4_adders_toplevel|HexDriver:Ahex0_inst                                                   ; HexDriver            ; work         ;
;    |HexDriver:Ahex1_inst|                       ; 7 (7)               ; 0 (0)                     ; 0           ; 0            ; 0       ; 0         ; 0    ; 0            ; |lab4_adders_toplevel|HexDriver:Ahex1_inst                                                   ; HexDriver            ; work         ;
;    |HexDriver:Ahex2_inst|                       ; 7 (7)               ; 0 (0)                     ; 0           ; 0            ; 0       ; 0         ; 0    ; 0            ; |lab4_adders_toplevel|HexDriver:Ahex2_inst                                                   ; HexDriver            ; work         ;
;    |HexDriver:Ahex3_inst|                       ; 7 (7)               ; 0 (0)                     ; 0           ; 0            ; 0       ; 0         ; 0    ; 0            ; |lab4_adders_toplevel|HexDriver:Ahex3_inst                                                   ; HexDriver            ; work         ;
;    |HexDriver:Bhex0_inst|                       ; 7 (7)               ; 0 (0)                     ; 0           ; 0            ; 0       ; 0         ; 0    ; 0            ; |lab4_adders_toplevel|HexDriver:Bhex0_inst                                                   ; HexDriver            ; work         ;
;    |HexDriver:Bhex1_inst|                       ; 7 (7)               ; 0 (0)                     ; 0           ; 0            ; 0       ; 0         ; 0    ; 0            ; |lab4_adders_toplevel|HexDriver:Bhex1_inst                                                   ; HexDriver            ; work         ;
;    |HexDriver:Bhex2_inst|                       ; 7 (7)               ; 0 (0)                     ; 0           ; 0            ; 0       ; 0         ; 0    ; 0            ; |lab4_adders_toplevel|HexDriver:Bhex2_inst                                                   ; HexDriver            ; work         ;
;    |HexDriver:Bhex3_inst|                       ; 7 (7)               ; 0 (0)                     ; 0           ; 0            ; 0       ; 0         ; 0    ; 0            ; |lab4_adders_toplevel|HexDriver:Bhex3_inst                                                   ; HexDriver            ; work         ;
;    |carry_select_adder:carry_select_adder_inst| ; 36 (0)              ; 0 (0)                     ; 0           ; 0            ; 0       ; 0         ; 0    ; 0            ; |lab4_adders_toplevel|carry_select_adder:carry_select_adder_inst                             ; carry_select_adder   ; work         ;
;       |csa0:FA0|                                ; 7 (0)               ; 0 (0)                     ; 0           ; 0            ; 0       ; 0         ; 0    ; 0            ; |lab4_adders_toplevel|carry_select_adder:carry_select_adder_inst|csa0:FA0                    ; csa0                 ; work         ;
;          |full_adder_csa:fa0|                   ; 1 (1)               ; 0 (0)                     ; 0           ; 0            ; 0       ; 0         ; 0    ; 0            ; |lab4_adders_toplevel|carry_select_adder:carry_select_adder_inst|csa0:FA0|full_adder_csa:fa0 ; full_adder_csa       ; work         ;
;          |full_adder_csa:fa1|                   ; 2 (2)               ; 0 (0)                     ; 0           ; 0            ; 0       ; 0         ; 0    ; 0            ; |lab4_adders_toplevel|carry_select_adder:carry_select_adder_inst|csa0:FA0|full_adder_csa:fa1 ; full_adder_csa       ; work         ;
;          |full_adder_csa:fa2|                   ; 2 (2)               ; 0 (0)                     ; 0           ; 0            ; 0       ; 0         ; 0    ; 0            ; |lab4_adders_toplevel|carry_select_adder:carry_select_adder_inst|csa0:FA0|full_adder_csa:fa2 ; full_adder_csa       ; work         ;
;          |full_adder_csa:fa3|                   ; 2 (2)               ; 0 (0)                     ; 0           ; 0            ; 0       ; 0         ; 0    ; 0            ; |lab4_adders_toplevel|carry_select_adder:carry_select_adder_inst|csa0:FA0|full_adder_csa:fa3 ; full_adder_csa       ; work         ;
;       |csa:FA1|                                 ; 11 (4)              ; 0 (0)                     ; 0           ; 0            ; 0       ; 0         ; 0    ; 0            ; |lab4_adders_toplevel|carry_select_adder:carry_select_adder_inst|csa:FA1                     ; csa                  ; work         ;
;          |full_adder_csa:fa1|                   ; 2 (2)               ; 0 (0)                     ; 0           ; 0            ; 0       ; 0         ; 0    ; 0            ; |lab4_adders_toplevel|carry_select_adder:carry_select_adder_inst|csa:FA1|full_adder_csa:fa1  ; full_adder_csa       ; work         ;
;          |full_adder_csa:fa2|                   ; 2 (2)               ; 0 (0)                     ; 0           ; 0            ; 0       ; 0         ; 0    ; 0            ; |lab4_adders_toplevel|carry_select_adder:carry_select_adder_inst|csa:FA1|full_adder_csa:fa2  ; full_adder_csa       ; work         ;
;          |full_adder_csa:fa3|                   ; 1 (1)               ; 0 (0)                     ; 0           ; 0            ; 0       ; 0         ; 0    ; 0            ; |lab4_adders_toplevel|carry_select_adder:carry_select_adder_inst|csa:FA1|full_adder_csa:fa3  ; full_adder_csa       ; work         ;
;          |full_adder_csa:fa5|                   ; 1 (1)               ; 0 (0)                     ; 0           ; 0            ; 0       ; 0         ; 0    ; 0            ; |lab4_adders_toplevel|carry_select_adder:carry_select_adder_inst|csa:FA1|full_adder_csa:fa5  ; full_adder_csa       ; work         ;
;          |full_adder_csa:fa6|                   ; 1 (1)               ; 0 (0)                     ; 0           ; 0            ; 0       ; 0         ; 0    ; 0            ; |lab4_adders_toplevel|carry_select_adder:carry_select_adder_inst|csa:FA1|full_adder_csa:fa6  ; full_adder_csa       ; work         ;
;       |csa:FA2|                                 ; 11 (4)              ; 0 (0)                     ; 0           ; 0            ; 0       ; 0         ; 0    ; 0            ; |lab4_adders_toplevel|carry_select_adder:carry_select_adder_inst|csa:FA2                     ; csa                  ; work         ;
;          |full_adder_csa:fa1|                   ; 2 (2)               ; 0 (0)                     ; 0           ; 0            ; 0       ; 0         ; 0    ; 0            ; |lab4_adders_toplevel|carry_select_adder:carry_select_adder_inst|csa:FA2|full_adder_csa:fa1  ; full_adder_csa       ; work         ;
;          |full_adder_csa:fa2|                   ; 2 (2)               ; 0 (0)                     ; 0           ; 0            ; 0       ; 0         ; 0    ; 0            ; |lab4_adders_toplevel|carry_select_adder:carry_select_adder_inst|csa:FA2|full_adder_csa:fa2  ; full_adder_csa       ; work         ;
;          |full_adder_csa:fa3|                   ; 1 (1)               ; 0 (0)                     ; 0           ; 0            ; 0       ; 0         ; 0    ; 0            ; |lab4_adders_toplevel|carry_select_adder:carry_select_adder_inst|csa:FA2|full_adder_csa:fa3  ; full_adder_csa       ; work         ;
;          |full_adder_csa:fa5|                   ; 1 (1)               ; 0 (0)                     ; 0           ; 0            ; 0       ; 0         ; 0    ; 0            ; |lab4_adders_toplevel|carry_select_adder:carry_select_adder_inst|csa:FA2|full_adder_csa:fa5  ; full_adder_csa       ; work         ;
;          |full_adder_csa:fa6|                   ; 1 (1)               ; 0 (0)                     ; 0           ; 0            ; 0       ; 0         ; 0    ; 0            ; |lab4_adders_toplevel|carry_select_adder:carry_select_adder_inst|csa:FA2|full_adder_csa:fa6  ; full_adder_csa       ; work         ;
;       |csa:FA3|                                 ; 7 (2)               ; 0 (0)                     ; 0           ; 0            ; 0       ; 0         ; 0    ; 0            ; |lab4_adders_toplevel|carry_select_adder:carry_select_adder_inst|csa:FA3                     ; csa                  ; work         ;
;          |full_adder_csa:fa1|                   ; 1 (1)               ; 0 (0)                     ; 0           ; 0            ; 0       ; 0         ; 0    ; 0            ; |lab4_adders_toplevel|carry_select_adder:carry_select_adder_inst|csa:FA3|full_adder_csa:fa1  ; full_adder_csa       ; work         ;
;          |full_adder_csa:fa2|                   ; 1 (1)               ; 0 (0)                     ; 0           ; 0            ; 0       ; 0         ; 0    ; 0            ; |lab4_adders_toplevel|carry_select_adder:carry_select_adder_inst|csa:FA3|full_adder_csa:fa2  ; full_adder_csa       ; work         ;
;          |full_adder_csa:fa3|                   ; 1 (1)               ; 0 (0)                     ; 0           ; 0            ; 0       ; 0         ; 0    ; 0            ; |lab4_adders_toplevel|carry_select_adder:carry_select_adder_inst|csa:FA3|full_adder_csa:fa3  ; full_adder_csa       ; work         ;
;          |full_adder_csa:fa5|                   ; 1 (1)               ; 0 (0)                     ; 0           ; 0            ; 0       ; 0         ; 0    ; 0            ; |lab4_adders_toplevel|carry_select_adder:carry_select_adder_inst|csa:FA3|full_adder_csa:fa5  ; full_adder_csa       ; work         ;
;          |full_adder_csa:fa6|                   ; 1 (1)               ; 0 (0)                     ; 0           ; 0            ; 0       ; 0         ; 0    ; 0            ; |lab4_adders_toplevel|carry_select_adder:carry_select_adder_inst|csa:FA3|full_adder_csa:fa6  ; full_adder_csa       ; work         ;
+-------------------------------------------------+---------------------+---------------------------+-------------+--------------+---------+-----------+------+--------------+----------------------------------------------------------------------------------------------+----------------------+--------------+
Note: For table entries with two numbers listed, the numbers in parentheses indicate the number of resources of the given type used by the specific entity alone. The numbers listed outside of parentheses indicate the total resources of the given type used by the specific entity and all of its sub-entities in the hierarchy.


+------------------------------------------------------+
; General Register Statistics                          ;
+----------------------------------------------+-------+
; Statistic                                    ; Value ;
+----------------------------------------------+-------+
; Total registers                              ; 105   ;
; Number of registers using Synchronous Clear  ; 17    ;
; Number of registers using Synchronous Load   ; 0     ;
; Number of registers using Asynchronous Clear ; 0     ;
; Number of registers using Asynchronous Load  ; 0     ;
; Number of registers using Clock Enable       ; 49    ;
; Number of registers using Preset             ; 0     ;
+----------------------------------------------+-------+


+--------------------------------------------------------------------------------------------------------------------------------------------------+
; Multiplexer Restructuring Statistics (Restructuring Performed)                                                                                   ;
+--------------------+-----------+---------------+----------------------+------------------------+------------+------------------------------------+
; Multiplexer Inputs ; Bus Width ; Baseline Area ; Area if Restructured ; Saving if Restructured ; Registered ; Example Multiplexer Output         ;
+--------------------+-----------+---------------+----------------------+------------------------+------------+------------------------------------+
; 3:1                ; 7 bits    ; 14 LEs        ; 7 LEs                ; 7 LEs                  ; Yes        ; |lab4_adders_toplevel|Sum[0]~reg0  ;
; 3:1                ; 16 bits   ; 32 LEs        ; 16 LEs               ; 16 LEs                 ; Yes        ; |lab4_adders_toplevel|B[2]         ;
; 3:1                ; 16 bits   ; 32 LEs        ; 16 LEs               ; 16 LEs                 ; Yes        ; |lab4_adders_toplevel|A[12]        ;
; 4:1                ; 3 bits    ; 6 LEs         ; 6 LEs                ; 0 LEs                  ; Yes        ; |lab4_adders_toplevel|Sum[7]~reg0  ;
; 4:1                ; 3 bits    ; 6 LEs         ; 6 LEs                ; 0 LEs                  ; Yes        ; |lab4_adders_toplevel|Sum[11]~reg0 ;
; 4:1                ; 4 bits    ; 8 LEs         ; 8 LEs                ; 0 LEs                  ; Yes        ; |lab4_adders_toplevel|CO~reg0      ;
+--------------------+-----------+---------------+----------------------+------------------------+------------+------------------------------------+


+-----------------------------------------------------------------------------------------------------------------------------------------------------------------------------------------------------------------+
; Port Connectivity Checks: "carry_select_adder:carry_select_adder_inst|csa:FA1|full_adder_csa:fa4"                                                                                                               ;
+---------+-------+----------+------------------------------------------------------------------------------------------------------------------------------------------------------------------------------------+
; Port    ; Type  ; Severity ; Details                                                                                                                                                                            ;
+---------+-------+----------+------------------------------------------------------------------------------------------------------------------------------------------------------------------------------------+
; cIn     ; Input ; Warning  ; Input port expression (32 bits) is wider than the input port (1 bits) it drives.  The 31 most-significant bit(s) in the expression will be dangling if they have no other fanouts. ;
; cIn[-1] ; Input ; Info     ; Stuck at VCC                                                                                                                                                                       ;
+---------+-------+----------+------------------------------------------------------------------------------------------------------------------------------------------------------------------------------------+


+-----------------------------------------------------------------------------------------------------------------------------------------------------------------------------------------------------------------+
; Port Connectivity Checks: "carry_select_adder:carry_select_adder_inst|csa:FA1|full_adder_csa:fa0"                                                                                                               ;
+---------+-------+----------+------------------------------------------------------------------------------------------------------------------------------------------------------------------------------------+
; Port    ; Type  ; Severity ; Details                                                                                                                                                                            ;
+---------+-------+----------+------------------------------------------------------------------------------------------------------------------------------------------------------------------------------------+
; cIn     ; Input ; Warning  ; Input port expression (32 bits) is wider than the input port (1 bits) it drives.  The 31 most-significant bit(s) in the expression will be dangling if they have no other fanouts. ;
; cIn[-1] ; Input ; Info     ; Stuck at GND                                                                                                                                                                       ;
+---------+-------+----------+------------------------------------------------------------------------------------------------------------------------------------------------------------------------------------+


+-----------------------------------------------------------------------------------------------------------------------------------------------------------------------------------------------------------------+
; Port Connectivity Checks: "carry_select_adder:carry_select_adder_inst|csa0:FA0"                                                                                                                                 ;
+---------+-------+----------+------------------------------------------------------------------------------------------------------------------------------------------------------------------------------------+
; Port    ; Type  ; Severity ; Details                                                                                                                                                                            ;
+---------+-------+----------+------------------------------------------------------------------------------------------------------------------------------------------------------------------------------------+
; cIn     ; Input ; Warning  ; Input port expression (32 bits) is wider than the input port (1 bits) it drives.  The 31 most-significant bit(s) in the expression will be dangling if they have no other fanouts. ;
; cIn[-1] ; Input ; Info     ; Stuck at GND                                                                                                                                                                       ;
+---------+-------+----------+------------------------------------------------------------------------------------------------------------------------------------------------------------------------------------+


+-----------------------------------------------------+
; Post-Synthesis Netlist Statistics for Top Partition ;
+-----------------------+-----------------------------+
; Type                  ; Count                       ;
+-----------------------+-----------------------------+
; boundary_port         ; 93                          ;
; cycloneiii_ff         ; 105                         ;
;     ENA               ; 32                          ;
;     ENA SCLR          ; 17                          ;
;     plain             ; 56                          ;
; cycloneiii_lcell_comb ; 125                         ;
;     normal            ; 125                         ;
;         2 data inputs ; 29                          ;
;         3 data inputs ; 18                          ;
;         4 data inputs ; 78                          ;
;                       ;                             ;
; Max LUT depth         ; 8.00                        ;
; Average LUT depth     ; 2.15                        ;
+-----------------------+-----------------------------+


+-------------------------------+
; Elapsed Time Per Partition    ;
+----------------+--------------+
; Partition Name ; Elapsed Time ;
+----------------+--------------+
; Top            ; 00:00:01     ;
+----------------+--------------+


+-------------------------------+
; Analysis & Synthesis Messages ;
+-------------------------------+
Info: *******************************************************************
Info: Running Quartus Prime Analysis & Synthesis
    Info: Version 18.1.0 Build 625 09/12/2018 SJ Lite Edition
    Info: Processing started: Fri Feb 21 21:29:43 2020
Info: Command: quartus_map --read_settings_files=on --write_settings_files=off lab4_adders -c lab4_adders
Warning (18236): Number of processors has not been specified which may cause overloading on shared machines.  Set the global assignment NUM_PARALLEL_PROCESSORS in your QSF to an appropriate value for best performance.
Info (20030): Parallel compilation is enabled and will use 2 of the 2 processors detected
Info (12021): Found 4 design units, including 4 entities, in source file carry_select_adder.sv
    Info (12023): Found entity 1: carry_select_adder File: C:/ece385git/lab4/lab4_adders/carry_select_adder.sv Line: 1
    Info (12023): Found entity 2: csa0 File: C:/ece385git/lab4/lab4_adders/carry_select_adder.sv Line: 28
    Info (12023): Found entity 3: csa File: C:/ece385git/lab4/lab4_adders/carry_select_adder.sv Line: 40
    Info (12023): Found entity 4: full_adder_csa File: C:/ece385git/lab4/lab4_adders/carry_select_adder.sv Line: 84
Info (12021): Found 3 design units, including 3 entities, in source file carry_lookahead_adder.sv
    Info (12023): Found entity 1: carry_lookahead_adder File: C:/ece385git/lab4/lab4_adders/carry_lookahead_adder.sv Line: 1
    Info (12023): Found entity 2: four_bit_CLA File: C:/ece385git/lab4/lab4_adders/carry_lookahead_adder.sv Line: 27
    Info (12023): Found entity 3: full_adder_CLA File: C:/ece385git/lab4/lab4_adders/carry_lookahead_adder.sv Line: 49
Info (12021): Found 3 design units, including 3 entities, in source file ripple_adder.sv
    Info (12023): Found entity 1: ripple_adder File: C:/ece385git/lab4/lab4_adders/ripple_adder.sv Line: 1
    Info (12023): Found entity 2: four_bit_adder File: C:/ece385git/lab4/lab4_adders/ripple_adder.sv Line: 23
    Info (12023): Found entity 3: full_adder File: C:/ece385git/lab4/lab4_adders/ripple_adder.sv Line: 40
Warning (10090): Verilog HDL syntax warning at lab4_adders_toplevel.sv(14): extra block comment delimiter characters /* within block comment File: C:/ece385git/lab4/lab4_adders/lab4_adders_toplevel.sv Line: 14
Warning (12125): Using design file lab4_adders_toplevel.sv, which is not specified as a design file for the current project, but contains definitions for 1 design units and 1 entities in project
    Info (12023): Found entity 1: lab4_adders_toplevel File: C:/ece385git/lab4/lab4_adders/lab4_adders_toplevel.sv Line: 17
Info (12127): Elaborating entity "lab4_adders_toplevel" for the top level hierarchy
Info (12128): Elaborating entity "carry_select_adder" for hierarchy "carry_select_adder:carry_select_adder_inst" File: C:/ece385git/lab4/lab4_adders/lab4_adders_toplevel.sv Line: 131
Info (12128): Elaborating entity "csa0" for hierarchy "carry_select_adder:carry_select_adder_inst|csa0:FA0" File: C:/ece385git/lab4/lab4_adders/carry_select_adder.sv Line: 16
Info (12128): Elaborating entity "full_adder_csa" for hierarchy "carry_select_adder:carry_select_adder_inst|csa0:FA0|full_adder_csa:fa0" File: C:/ece385git/lab4/lab4_adders/carry_select_adder.sv Line: 34
Info (12128): Elaborating entity "csa" for hierarchy "carry_select_adder:carry_select_adder_inst|csa:FA1" File: C:/ece385git/lab4/lab4_adders/carry_select_adder.sv Line: 17
Warning (10036): Verilog HDL or VHDL warning at carry_select_adder.sv(47): object "zer" assigned a value but never read File: C:/ece385git/lab4/lab4_adders/carry_select_adder.sv Line: 47
Warning (10036): Verilog HDL or VHDL warning at carry_select_adder.sv(59): object "one" assigned a value but never read File: C:/ece385git/lab4/lab4_adders/carry_select_adder.sv Line: 59
Warning (12125): Using design file hexdriver.sv, which is not specified as a design file for the current project, but contains definitions for 1 design units and 1 entities in project
    Info (12023): Found entity 1: HexDriver File: C:/ece385git/lab4/lab4_adders/hexdriver.sv Line: 1
Info (12128): Elaborating entity "HexDriver" for hierarchy "HexDriver:Ahex0_inst" File: C:/ece385git/lab4/lab4_adders/lab4_adders_toplevel.sv Line: 138
Warning (12020): Port "cIn" on the entity instantiation of "fa4" is connected to a signal of width 32. The formal width of the signal in the module is 1.  The extra bits will be ignored. File: C:/ece385git/lab4/lab4_adders/carry_select_adder.sv Line: 60
Warning (12020): Port "cIn" on the entity instantiation of "fa0" is connected to a signal of width 32. The formal width of the signal in the module is 1.  The extra bits will be ignored. File: C:/ece385git/lab4/lab4_adders/carry_select_adder.sv Line: 49
Warning (12020): Port "cIn" on the entity instantiation of "fa4" is connected to a signal of width 32. The formal width of the signal in the module is 1.  The extra bits will be ignored. File: C:/ece385git/lab4/lab4_adders/carry_select_adder.sv Line: 60
Warning (12020): Port "cIn" on the entity instantiation of "fa0" is connected to a signal of width 32. The formal width of the signal in the module is 1.  The extra bits will be ignored. File: C:/ece385git/lab4/lab4_adders/carry_select_adder.sv Line: 49
Warning (12241): 3 hierarchies have connectivity warnings - see the Connectivity Checks report folder
Info (286030): Timing-Driven Synthesis is running
Info (16010): Generating hard_block partition "hard_block:auto_generated_inst"
    Info (16011): Adding 0 node(s), including 0 DDIO, 0 PLL, 0 transceiver and 0 LCELL
Info (21057): Implemented 250 device resources after synthesis - the final resource count might be different
    Info (21058): Implemented 20 input pins
    Info (21059): Implemented 73 output pins
    Info (21061): Implemented 157 logic cells
Info: Quartus Prime Analysis & Synthesis was successful. 0 errors, 11 warnings
    Info: Peak virtual memory: 4750 megabytes
    Info: Processing ended: Fri Feb 21 21:30:04 2020
    Info: Elapsed time: 00:00:21
    Info: Total CPU time (on all processors): 00:00:43


